C51 COMPILER V9.55   P_12864                                                               05/01/2020 20:40:22 PAGE 1   


C51 COMPILER V9.55, COMPILATION OF MODULE P_12864
OBJECT MODULE PLACED IN .\Objects\P_12864.obj
COMPILER INVOKED BY: d:\Keil_v5_all\C51\BIN\C51.EXE P_12864.c OPTIMIZE(8,SPEED) BROWSE DEBUG OBJECTEXTEND PRINT(.\Listin
                    -gs\P_12864.lst) OBJECT(.\Objects\P_12864.obj)

line level    source

   1          /**************dis_12864.c***************/
   2          
   3          #include <p_12864.h>
   4          
   5          /*******************************************************************/                                     
             -               
   6          //  延时函数                                                                                              
             -                    
   7          /*******************************************************************/
   8          void delay(int ms)
   9          {
  10   1          while(ms--)
  11   1      {
  12   2            uchar i;
  13   2       for(i=0;i<250;i++)  
  14   2        {
  15   3         ; ; ; ;
  16   3        }
  17   2      }
  18   1      }
  19          /*******************************************************************/                                     
             -                    
  20          /*检查LCD忙状态                                                    */
  21          /*lcd_busy为1时，忙，等待。lcd-busy为0时,闲，可写指令与数据。      */                                     
             -                     
  22          /*******************************************************************/ 
  23          bit lcd_busy()
  24           {                          
  25   1          bit result;
  26   1          LCD_RS = 0;
  27   1          LCD_RW = 1;
  28   1          LCD_EN = 1;
  29   1           delay(1);
  30   1          result = (bit)(LCD_data&0x80);
  31   1          LCD_EN = 0;
  32   1          return(result); 
  33   1       }
  34          /*******************************************************************/                                     
             -                          
  35          /*写指令数据到LCD                                                  */
  36          /*RS=L，RW=L，E=高脉冲，D0-D7=指令码。                             */                                     
             -                           
  37          /*******************************************************************/
  38          void lcd_wcmd(uchar cmd)
  39          {                          
  40   1         while(lcd_busy());
  41   1          LCD_RS = 0;
  42   1          LCD_RW = 0;
  43   1          LCD_EN = 0;
  44   1          delay(1);
  45   1          LCD_data = cmd;
  46   1         delay(1);
  47   1          LCD_EN = 1;
  48   1         delay(1);
C51 COMPILER V9.55   P_12864                                                               05/01/2020 20:40:22 PAGE 2   

  49   1          LCD_EN = 0;  
  50   1      }
  51          /*******************************************************************/
  52          /*写显示数据到LCD                                                  */
  53          /*RS=H，RW=L，E=高脉冲，D0-D7=数据。                               */
  54          /*******************************************************************/
  55          void lcd_wdat(uchar dat)
  56          {                          
  57   1         while(lcd_busy());
  58   1          LCD_RS = 1;
  59   1          LCD_RW = 0;
  60   1          LCD_EN = 0;
  61   1          LCD_data = dat;
  62   1         delay(1);
  63   1          LCD_EN = 1;
  64   1        delay(1);
  65   1          LCD_EN = 0; 
  66   1      }
  67          /*******************************************************************/
  68          /*  LCD初始化设定                                                  */
  69          /*******************************************************************/
  70          void lcd_init()
  71          { 
  72   1      
  73   1      
  74   1          LCD_PSB = 1;         //并口方式
  75   1          
  76   1          lcd_wcmd(0x34);      //扩充指令操作
  77   1          delay(5);
  78   1          lcd_wcmd(0x30);      //基本指令操作
  79   1          delay(5);
  80   1          lcd_wcmd(0x0C);      //显示开，关光标
  81   1          delay(5);
  82   1          lcd_wcmd(0x01);      //清除LCD的显示内容
  83   1          delay(5);
  84   1      }
  85          
  86          
  87          /*********************************************************/
  88          /* 设定显示位置       X:行数                Y：列数                                   */
  89          /*********************************************************/
  90          void lcd_pos(uchar X,uchar Y)
  91          {                          
  92   1         uchar  pos;
  93   1         if (X==0)
  94   1           {X=0x80;}
  95   1         else if (X==1)
  96   1           {X=0x90;}
  97   1         else if (X==2)
  98   1           {X=0x88;}
  99   1         else if (X==3)
 100   1           {X=0x98;}
 101   1         pos = X+Y ;  
 102   1         lcd_wcmd(pos);     //显示地址
 103   1      }
 104          
 105          /*********************************************************/
 106          /* 在设定位置显示字符（串）                                         */
 107          /*********************************************************/
 108          void zifu_dis (uchar X,uchar Y,uchar *dis)
 109          {
 110   1          uchar i;
C51 COMPILER V9.55   P_12864                                                               05/01/2020 20:40:22 PAGE 3   

 111   1      lcd_pos(X,Y);  
 112   1           i = 0;
 113   1          while(dis[i] != '\0')
 114   1           {                         //显示字符
 115   2             lcd_wdat(dis[i]);
 116   2             i++;
 117   2           }
 118   1      }


MODULE INFORMATION:   STATIC OVERLAYABLE
   CODE SIZE        =    219    ----
   CONSTANT SIZE    =   ----    ----
   XDATA SIZE       =   ----    ----
   PDATA SIZE       =   ----    ----
   DATA SIZE        =   ----       5
   IDATA SIZE       =   ----    ----
   BIT SIZE         =   ----       1
END OF MODULE INFORMATION.


C51 COMPILATION COMPLETE.  0 WARNING(S),  0 ERROR(S)
